
> frontend@0.0.0 build
> tsc -b && vite build

[36mvite v8.0.13 [32mbuilding client environment for production...[36m[39m
[2Ktransforming...✓ 100 modules transformed.
rendering chunks...
computing gzip size...
dist/index.html                   0.47 kB │ gzip:   0.30 kB
dist/assets/index-CebAe7lE.css   25.75 kB │ gzip:   5.03 kB
dist/assets/index-D9tZKiCM.js   472.73 kB │ gzip: 127.91 kB

[32m✓ built in 550ms[39m
